// Jest Snapshot v1, https://goo.gl/fbAQLP

exports[`Renders buttons for the calculator render 1`] = `undefined`;
